// Jest Snapshot v1, https://goo.gl/fbAQLP

exports[`BlogList component unit tests snapshot test 1`] = `"<div><a href=\\"/\\"><h6><i aria-hidden=\\"true\\" class=\\"angle double left icon\\"></i>Back</h6></a><div class=\\"ui icon center aligned header\\"><i aria-hidden=\\"true\\" class=\\"envelope open outline circular icon\\"></i><br/><div class=\\"content\\">Markdown Test</div></div><div><h3>Subheader</h3><p>Hi, this text has <em>markdown</em>! <strong>Hell yeah</strong></p><p><a href=\\"\\">link</a></p><ul><li>List Item</li><li>Another Item</li></ul><h2>Another Subheader</h2><p><strong>Still marking down like a boss yeaaaaaahhhh</strong></p></div><div class=\\"ui compact segment\\"><i aria-hidden=\\"true\\" class=\\"pencil icon\\"></i>Written by Test User 3 days ago</div></div>"`;
