// Jest Snapshot v1, https://goo.gl/fbAQLP

exports[`SideMenu component unit tests snapshot test 1`] = `"<div class=\\"ui vertical menu\\"><div class=\\"item\\"><div class=\\"ui header\\">Jussi Vuorinen</div><p>Hi, my name is Jussi and I want to be a developer.</p></div><div class=\\"item\\"><div class=\\"header\\">Important posts</div><div class=\\"menu\\"><a class=\\"active item\\" href=\\"/5b55dd6774d88b36481f5607/Second-Test-Post\\">Second Test Post</a></div></div><div class=\\"item\\"><div class=\\"header\\">Recent posts</div></div><div class=\\"menu\\"><a class=\\"active item\\" href=\\"/5b58dce799f2274cc85b0933/Markdown-Test\\">Markdown Test</a><a class=\\"active item\\" href=\\"/5b5895867296874dacbc9d6d/Test-Post-From-Admin-Panel\\">Test Post From Admin Panel</a><a class=\\"active item\\" href=\\"/5b55dd6774d88b36481f5607/Second-Test-Post\\">Second Test Post</a><a class=\\"active item\\" href=\\"/5b55dcdb74d88b36481f5606/Test-post\\">Test post</a></div></div>"`;
